  Takt AI                                           Review  
                                                            
  ┌──────────────────────────────────────────────────────┐  
  │ Success: Configuration applied.                      │  
  │ Warning: This file has external changes.             │  
  │ Failed: The change could not be applied.             │  
  │                                                      │  
  │   [x] Context7                                       │  
  │       Up-to-date library docs for agents             │  
  │ > [ ] Optional tool                                  │  
  │                                                      │  
  │   Keep my version                                    │  
  │   Restore Takt version                               │  
  │                                                      │  
  │ ✓ Checking OpenCode connection                       │  
  └──────────────────────────────────────────────────────┘  
                                                 1–12 / 15  
      Back    [ Install ]    Remove      Apply changes      
              Unavailable: no changes to apply              
                                                            