   Takt AI                                                                                                                                             Review   
                                                                                                                                                                
                                ┌──────────────────────────────────────────────────────────────────────────────────────────────┐                                
                                │ .config/opencode/takt/skills/takt-memory-architect/references/adr-x.md                       │                                
                                │ .config/opencode/takt/skills/takt-memory-architect/references/adr-xx.md                      │                                
                                │ .config/opencode/takt/skills/takt-memory-architect/references/adr-xxx.md                     │                                
                                │ .config/opencode/takt/skills/takt-memory-architect/references/adr-xxxx.md                    │                                
                                │ .config/opencode/takt/skills/takt-memory-architect/references/adr-xxxxx.md                   │                                
                                │ .config/opencode/takt/skills/takt-memory-architect/references/adr-xxxxxx.md                  │                                
                                │ .config/opencode/takt/skills/takt-memory-architect/references/adr-xxxxxxx.md                 │                                
                                │ .config/opencode/takt/skills/takt-memory-architect/references/adr-xxxxxxxx.md                │                                
                                │ .config/opencode/takt/skills/takt-memory-architect/references/adr-.md                        │                                
                                │ .config/opencode/takt/skills/takt-memory-architect/references/adr-x.md                       │                                
                                │ .config/opencode/takt/skills/takt-memory-architect/references/adr-xx.md                      │                                
                                │ .config/opencode/takt/skills/takt-memory-architect/references/adr-xxx.md                     │                                
                                │ .config/opencode/takt/skills/takt-memory-architect/references/adr-xxxx.md                    │                                
                                │ .config/opencode/takt/skills/takt-memory-architect/references/adr-xxxxx.md                   │                                
                                │ .config/opencode/takt/skills/takt-memory-architect/references/adr-xxxxxx.md                  │                                
                                │ .config/opencode/takt/skills/takt-memory-architect/references/adr-xxxxxxx.md                 │                                
                                │ .config/opencode/takt/skills/takt-memory-architect/references/adr-xxxxxxxx.md                │                                
                                └──────────────────────────────────────────────────────────────────────────────────────────────┘                                
                                                                                                                      11–27 / 60                                
                                                                        [ Back to menu ]                                                                        
                                                                                                                                                                