  Takt AI                                           Review  
                                                            
  ┌──────────────────────────────────────────────────────┐  
  │ .config/opencode/takt/skills/takt-memory-            │  
  │ architect/references/adr-xxxxx.md                    │  
  │ .config/opencode/takt/skills/takt-memory-            │  
  │ architect/references/adr-xxxxxx.md                   │  
  │ .config/opencode/takt/skills/takt-memory-            │  
  │ architect/references/adr-xxxxxxx.md                  │  
  │ .config/opencode/takt/skills/takt-memory-            │  
  │ architect/references/adr-xxxxxxxx.md                 │  
  │ .config/opencode/takt/skills/takt-memory-            │  
  │ architect/references/adr-.md                         │  
  │ .config/opencode/takt/skills/takt-memory-            │  
  │ architect/references/adr-x.md                        │  
  │ .config/opencode/takt/skills/takt-memory-            │  
  └──────────────────────────────────────────────────────┘  
                                               11–23 / 120  
                      [ Back to menu ]                      
                                                            