   Takt AI                                                                                                     Review   
                                                                                                                        
                                                                                                                        
                                                                                                                        
                                                                                                                        
                                                                                                                        
                                                                                                                        
                                                                                                                        
                                                                                                                        
                                                                                                                        
                                                                                                                        
                                                                                                                        
                                                                                                                        
                                                                                                                        
            ┌──────────────────────────────────────────────────────────────────────────────────────────────┐            
            │ Remove: 139 files installed by Takt                                                          │            
            └──────────────────────────────────────────────────────────────────────────────────────────────┘            
                                                                                                                        
                                                [ Uninstall ]    Back                                                   
                                                                                                                        
                                                                                                                        
                                                                                                                        
                                                                                                                        
                                                                                                                        
                                                                                                                        
                                                                                                                        
                                                                                                                        
                                                                                                                        
                                                                                                                        
                                                                                                                        
                                                                                                                        
                                                                                                                        