   [1;38;5;73mTakt AI[m                                                                                                     [1;38;5;255mResult[m   
                                                                                                                        
                                                                                                                        
                                                                                                                        
                                                                                                                        
                                                                                                                        
                                                                                                                        
                                                                                                                        
                                                                                                                        
            [38;5;246m┌──────────────────────────────────────────────────────────────────────────────────────────────┐[m            
            [38;5;246m│[m[48;5;235m [m[38;5;255;48;5;235m[1;38;5;79mSuccess:[m[48;5;235;38;5;255m [38;5;255mTakt AI is installed in OpenCode.[m[48;5;235;38;5;255m[m[m[48;5;235m [m[48;5;235m                                                  [m[38;5;246m│[m            
            [38;5;246m│[m[48;5;235m [m[38;5;255;48;5;235m[38;5;255;48;5;235m[38;5;255mFiles: 1 changed, 0 unchanged.[m[48;5;235;38;5;255m[m[m[48;5;235m [m[48;5;235m                                                              [m[38;5;246m│[m            
            [38;5;246m│[m[48;5;235m [m[38;5;255;48;5;235m[38;5;255;48;5;235m[m[m[48;5;235m [m[48;5;235m                                                                                            [m[38;5;246m│[m            
            [38;5;246m│[m[48;5;235m [m[38;5;255;48;5;235m[38;5;255;48;5;235m[1;38;5;221mWarning:[m[48;5;235;38;5;255m [38;5;255mSome checks could not run, so those capabilities are unconfirmed, not failed.[m[48;5;235;38;5;255m[m[m[48;5;235m [m[48;5;235m      [m[38;5;246m│[m            
            [38;5;246m│[m[48;5;235m [m[38;5;255;48;5;235m[38;5;255;48;5;235m[m[m[48;5;235m [m[48;5;235m                                                                                            [m[38;5;246m│[m            
            [38;5;246m│[m[48;5;235m [m[38;5;255;48;5;235m[38;5;255;48;5;235m[1;38;5;255mCapabilities[m[48;5;235;38;5;255m[m[m[48;5;235m [m[48;5;235m                                                                                [m[38;5;246m│[m            
            [38;5;246m│[m[48;5;235m [m[38;5;255;48;5;235m[38;5;255;48;5;235m[38;5;79m✓[m[48;5;235;38;5;255m [38;5;255mMemory[m[48;5;235;38;5;255m[m[m[48;5;235m [m[48;5;235m                                                                                    [m[38;5;246m│[m            
            [38;5;246m│[m[48;5;235m [m[38;5;255;48;5;235m[38;5;255;48;5;235m[38;5;221m?[m[48;5;235;38;5;255m [38;5;255mSkills[m[48;5;235;38;5;255m[38;5;221m — not checked[m[48;5;235;38;5;255m[m[m[48;5;235m [m[48;5;235m                                                                      [m[38;5;246m│[m            
            [38;5;246m│[m[48;5;235m [m[38;5;255;48;5;235m[38;5;255;48;5;235m  [38;5;250mCannot query native OpenCode skills.[m[48;5;235;38;5;255m[m[m[48;5;235m [m[48;5;235m                                                      [m[38;5;246m│[m            
            [38;5;246m│[m[48;5;235m [m[38;5;255;48;5;235m[38;5;255;48;5;235m[m[m[48;5;235m [m[48;5;235m                                                                                            [m[38;5;246m│[m            
            [38;5;246m│[m[48;5;235m [m[38;5;255;48;5;235m[38;5;255;48;5;235m[38;5;255mChanges take effect the next time you start OpenCode.[m[48;5;235;38;5;255m[m[48;5;235m [m[48;5;235m                                       [m[38;5;246m│[m            
            [38;5;246m└──────────────────────────────────────────────────────────────────────────────────────────────┘[m            
                                                                                                                        
                                     [1;38;5;232;48;5;110m  Assign models  [m  [38;5;253m  Back to menu  [m  [38;5;253m  Quit  [m                                      
                                                                                                                        
                                                                                                                        
                                                                                                                        
                                                                                                                        
                                                                                                                        
                                                                                                                        
                                                                                                                        
                                                                                                                        