  [38;2;245;247;247mTerminal too small: need at least 60x20         
  (current 50x16). Resize to continue.[m            
                                                  
                                                  
                                                  
                                                  
                                                  
                                                  
                                                  
                                                  
                                                  
                                                  
                                                  
                                                  
                                                  
                                                  