   [1;38;5;73mTakt AI[m                                                                                                     [1;38;5;255mAgents[m   
                                                                                                                        
                                                                                                                        
                                                                                                                        
                                                                                                                        
                                                                                                                        
                                                                                                                        
            [38;5;246m┌──────────────────────────────────────────────────────────────────────────────────────────────┐[m            
            [38;5;246m│[m[48;5;235m [m[38;5;255;48;5;235m  [38;5;255mAll agents          different models[m[48;5;235;38;5;255m[m[m[48;5;235m [m[48;5;235m                                                      [m[38;5;246m│[m            
            [38;5;246m│[m[48;5;235m [m[38;5;255;48;5;235m[38;5;255;48;5;235m  [38;5;255mtakt                openai/gpt-6-luna[m[48;5;235;38;5;255m[m[m[48;5;235m [m[48;5;235m                                                     [m[38;5;246m│[m            
            [38;5;246m│[m[48;5;235m [m[38;5;255;48;5;235m[38;5;255;48;5;235m[38;5;110m> [m[48;5;235;38;5;255m[38;5;255manalyst             openai/gpt-6-luna[m[48;5;235;38;5;255m[m[m[48;5;235m [m[48;5;235m                                                     [m[38;5;246m│[m            
            [38;5;246m│[m[48;5;235m [m[38;5;255;48;5;235m[38;5;255;48;5;235m  [38;5;255marchitect           inherits OpenCode default[m[48;5;235;38;5;255m[m[m[48;5;235m [m[48;5;235m                                             [m[38;5;246m│[m            
            [38;5;246m│[m[48;5;235m [m[38;5;255;48;5;235m[38;5;255;48;5;235m  [38;5;255mdev               • opencode-go/hy4-preview[m[48;5;235;38;5;255m[m[m[48;5;235m [m[48;5;235m                                               [m[38;5;246m│[m            
            [38;5;246m│[m[48;5;235m [m[38;5;255;48;5;235m[38;5;255;48;5;235m  [38;5;255mfix                 inherits OpenCode default[m[48;5;235;38;5;255m[m[m[48;5;235m [m[48;5;235m                                             [m[38;5;246m│[m            
            [38;5;246m│[m[48;5;235m [m[38;5;255;48;5;235m[38;5;255;48;5;235m  [38;5;255mjudge-a             inherits OpenCode default[m[48;5;235;38;5;255m[m[m[48;5;235m [m[48;5;235m                                             [m[38;5;246m│[m            
            [38;5;246m│[m[48;5;235m [m[38;5;255;48;5;235m[38;5;255;48;5;235m  [38;5;255mjudge-b             inherits OpenCode default[m[48;5;235;38;5;255m[m[m[48;5;235m [m[48;5;235m                                             [m[38;5;246m│[m            
            [38;5;246m│[m[48;5;235m [m[38;5;255;48;5;235m[38;5;255;48;5;235m  [38;5;255mpm                  inherits OpenCode default[m[48;5;235;38;5;255m[m[m[48;5;235m [m[48;5;235m                                             [m[38;5;246m│[m            
            [38;5;246m│[m[48;5;235m [m[38;5;255;48;5;235m[38;5;255;48;5;235m  [38;5;255mproduct-designer    inherits OpenCode default[m[48;5;235;38;5;255m[m[m[48;5;235m [m[48;5;235m                                             [m[38;5;246m│[m            
            [38;5;246m│[m[48;5;235m [m[38;5;255;48;5;235m[38;5;255;48;5;235m  [38;5;255msimplify            inherits OpenCode default[m[48;5;235;38;5;255m[m[m[48;5;235m [m[48;5;235m                                             [m[38;5;246m│[m            
            [38;5;246m│[m[48;5;235m [m[38;5;255;48;5;235m[38;5;255;48;5;235m  [38;5;255mspec                inherits OpenCode default[m[48;5;235;38;5;255m[m[m[48;5;235m [m[48;5;235m                                             [m[38;5;246m│[m            
            [38;5;246m│[m[48;5;235m [m[38;5;255;48;5;235m[38;5;255;48;5;235m  [38;5;255mtpm                 inherits OpenCode default[m[48;5;235;38;5;255m[m[m[48;5;235m [m[48;5;235m                                             [m[38;5;246m│[m            
            [38;5;246m│[m[48;5;235m [m[38;5;255;48;5;235m[38;5;255;48;5;235m  [38;5;255mverify              inherits OpenCode default[m[48;5;235;38;5;255m[m[48;5;235m [m[48;5;235m                                             [m[38;5;246m│[m            
            [38;5;246m└──────────────────────────────────────────────────────────────────────────────────────────────┘[m            
                                                                                                                        
                                                   [38;5;253m  Apply changes  [m                                                    
                                                                                                                        
                                                                                                                        
                                                                                                                        
                                                                                                                        
                                                                                                                        
                                                                                                                        
                                                                                                                        