   [1;38;5;73mTakt AI[m                                                                                                     [1;38;5;255mReview[m   
                                                                                                                        
                                                                                                                        
                                                                                                                        
                                                                                                                        
                                                                                                                        
                                                                                                                        
                                                                                                                        
                                                                                                                        
            [38;5;246m┌──────────────────────────────────────────────────────────────────────────────────────────────┐[m            
            [38;5;246m│[m[48;5;235m [m[38;5;255;48;5;235m[1;38;5;221mWarning:[m[48;5;235;38;5;255m [38;5;255mOpenCode was not found on PATH — Takt installs its configuration anyway.[m[48;5;235;38;5;255m[m[m[48;5;235m [m[48;5;235m           [m[38;5;246m│[m            
            [38;5;246m│[m[48;5;235m [m[38;5;255;48;5;235m[38;5;255;48;5;235m[m[m[48;5;235m [m[48;5;235m                                                                                            [m[38;5;246m│[m            
            [38;5;246m│[m[48;5;235m [m[38;5;255;48;5;235m[38;5;255;48;5;235m[38;5;253mDestination[m[48;5;235;38;5;255m   [38;5;255m~/.config/opencode, for every project[m[48;5;235;38;5;255m[m[m[48;5;235m [m[48;5;235m                                         [m[38;5;246m│[m            
            [38;5;246m│[m[48;5;235m [m[38;5;255;48;5;235m[38;5;255;48;5;235m[38;5;253mAgents[m[48;5;235;38;5;255m        [38;5;255m13: 1 orchestrator, 12 specialists[m[48;5;235;38;5;255m[m[m[48;5;235m [m[48;5;235m                                            [m[38;5;246m│[m            
            [38;5;246m│[m[48;5;235m [m[38;5;255;48;5;235m[38;5;255;48;5;235m[38;5;253m[m[48;5;235;38;5;255m              [38;5;255m11 on openai/gpt-6-luna[m[48;5;235;38;5;255m[m[m[48;5;235m [m[48;5;235m                                                       [m[38;5;246m│[m            
            [38;5;246m│[m[48;5;235m [m[38;5;255;48;5;235m[38;5;255;48;5;235m[38;5;253m[m[48;5;235;38;5;255m              [38;5;255m2 on OpenCode's default model[m[48;5;235;38;5;255m[m[m[48;5;235m [m[48;5;235m                                                 [m[38;5;246m│[m            
            [38;5;246m│[m[48;5;235m [m[38;5;255;48;5;235m[38;5;255;48;5;235m[38;5;253mSkills[m[48;5;235;38;5;255m        [38;5;255m27[m[48;5;235;38;5;255m[m[m[48;5;235m [m[48;5;235m                                                                            [m[38;5;246m│[m            
            [38;5;246m│[m[48;5;235m [m[38;5;255;48;5;235m[38;5;255;48;5;235m[38;5;253mMCP servers[m[48;5;235;38;5;255m   [38;5;255mcodegraph · context7 · engram[m[48;5;235;38;5;255m[m[m[48;5;235m [m[48;5;235m                                                 [m[38;5;246m│[m            
            [38;5;246m│[m[48;5;235m [m[38;5;255;48;5;235m[38;5;255;48;5;235m[38;5;253mIntegrations[m[48;5;235;38;5;255m  [38;5;255mDAG panel · memory · VFS · sandbox[m[48;5;235;38;5;255m[m[m[48;5;235m [m[48;5;235m                                            [m[38;5;246m│[m            
            [38;5;246m│[m[48;5;235m [m[38;5;255;48;5;235m[38;5;255;48;5;235m[38;5;253mFiles[m[48;5;235;38;5;255m         [38;5;255m137 new, 1 updated[m[48;5;235;38;5;255m[m[m[48;5;235m [m[48;5;235m                                                            [m[38;5;246m│[m            
            [38;5;246m│[m[48;5;235m [m[38;5;255;48;5;235m[38;5;255;48;5;235m[38;5;253mYour config[m[48;5;235;38;5;255m   [38;5;255mopencode.json — merged; your settings are kept[m[48;5;235;38;5;255m[m[48;5;235m [m[48;5;235m                                [m[38;5;246m│[m            
            [38;5;246m└──────────────────────────────────────────────────────────────────────────────────────────────┘[m            
                                                                                                                        
                                              [38;5;253m  Personalize  [m  [1;38;5;232;48;5;110m  Install  [m                                              
                                                                                                                        
                                                                                                                        
                                                                                                                        
                                                                                                                        
                                                                                                                        
                                                                                                                        
                                                                                                                        
                                                                                                                        