                                                                                                                        
                                                                                                                        
                                                                                                                        
                                                                                                                        
                                                                                                                        
                                                                                                                        
                             ⢀⣀⣀⣀⣀⣀⣀⡀                                                                                   
                        ⢀⣠⣴⣾⣿⣿⡿⠿⠿⠿⠿⢿⣿⣿⣷⣦⣤⡀                                                                              
                     ⢀⣠⣾⣿⠿⠛⠉⠁        ⠈⠉⠛⠿⣿⣷⣤⡀                                                                           
                    ⣰⣿⡿⠟⠁         ⡀      ⠈⠛⢿⣿⣦                                                                          
                  ⢀⣾⣿⠟⠁    ⣰⣾⣿⣷⣤⣶⣶⣿⣿⣶⣤⣀     ⠻⣿⣷⡀                                                                        
                 ⢀⣾⣿⠃      ⣿⡇ ⣨⣿⣿⣿⣿⣿⠿⠿⣿⣷⣄    ⠘⣿⣿⡄                                                                       
                 ⣾⣿⠇      ⣠⣿⣿⣶⣿⣿⣿⣿⣿⣧⣀⣃⣸⣿⣿⣿⣦⣄  ⠸⣿⣷                                                                       
                ⢰⣿⡿     ⢀⣼⣿⣿⣿⣿⣿⣿⣿⣿⣿⣿⣿⣿⣿⣿⣿⣿⣧⠘   ⢻⣿⡆                                                                      
                ⢸⣿⡇     ⣼⣿⣿⣿⣿⣿⣿⣿⣿⣿⣿⣿⣶⣻⣿⣿⣿⠟⠋    ⢸⣿⡇         > Install                                                    
                ⢸⣿⡇    ⢸⣿⣿⣿⣿⣿⣿⣿⣿⣿⣿⡿⠛⢋⡩⠉        ⢸⣿⡇           Agents, skills and MCP servers on OpenCode v2              
                ⠘⣿⣷    ⣿⣿⣿⣿⣿⣿⣿⣿⣿⣿⠋⣠⣾⠋          ⣾⣿⠇           Quit                                                       
                 ⢻⣿⡆  ⢠⣿⣿⣿⣿⣿⣿⣿⣿⣿⡇⣰⣿⡇          ⢰⣿⡿                                                                       
                 ⠈⢿⣿⣄ ⠐⣿⣿⣿⣿⣿⣿⣿⣿⣿ ⣿⣿⡄         ⢠⣿⣿⠁                                                                       
                  ⠈⢿⣿⣦⡈⣿⣿⣿⣿⣿⣿⣿⣿⣿⡇⣿⣿⣧       ⢀⣴⣿⡿⠁                                                                        
                    ⠙⢿⣿⣿⣿⣿⣿⣿⣿⣿⣿⣿⣿⣽⣿⣿⣷⣀   ⢀⣴⣿⣿⠏                                                                          
                      ⠉⢿⣿⣿⣿⣿⣿⣿⣿⣿⣿⣿⣿⣿⣿⣿⣷⣦⣾⣿⡿⠋⠁                                                                           
                        ⠈⠉⠻⠻⠿⣿⣿⣿⣿⣿⣿⢿⢿⡿⠟⠛⠉⠁                                                                              
                              ⠁ ⠉⠉                                                                                      
                              Takt AI                                                                                   
                                                                                                                        
                                                                                                                        
                                                                                                                        
                                                                                                                        
                                                                                                                        
                                                                                                                        
                                                                                                                        