                                                                                                                                                                
                                                                                                                                                                
                                                                                                                                                                
                                    ⠀⠀⠀⠀⠀⠀⠀⠀⠀⣀⣤⠶⠶⠚⠛⠛⠛⠛⠛⠶⠶⣤⣀⠀⠀⠀⠀⠀⠀⠀⠀⠀                                                                                            
                                    ⠀⠀⠀⠀⠀⢀⣠⡶⠛⣉⣤⣴⣶⣿⣿⠿⠿⣿⣿⣶⣦⣤⣉⠛⠶⣄⡀⠀⠀⠀⠀⠀                                                                                            
                                    ⠀⠀⠀⢀⣴⠟⢁⣴⣾⠿⠛⠉⠁⠀⠀⠀⠀⠀⠀⠈⠉⠛⠿⣷⣦⡈⠻⣦⡀⠀⠀⠀                                                                                            
                                    ⠀⠀⢠⡾⢁⣴⣿⠟⠁⠀⠀⠀⢀⡀⠀⠀⠀⣀⡀⠀⠀⠀⠀⠈⠻⣿⣦⡈⢳⡄⠀⠀                                                                                            
                                    ⠀⢠⡟⢠⣾⡟⠁⠀⠀⠀⠀⣾⠛⠛⢷⣾⣿⣿⣿⣷⣦⡄⠀⠀⠀⠈⢻⣷⡄⢻⡆⠀                                                                                            
                                    ⢠⡟⢀⣿⡟⠀⠀⠀⠀⠀⠀⣿⣆⣠⣿⣿⣿⣿⠋⠨⠙⣿⣦⣄⡀⠀⠀⢻⣿⡄⢻⡄                                                                                            
                                    ⣸⠃⣼⣿⠁⠀⠀⠀⠀⢠⣾⣿⣿⣿⣿⣿⣿⣿⣷⣶⣿⣿⣿⣿⡉⠀⠀⠈⣿⣧⠘⣧        > Install                                                                           
                                    ⣿⠀⣿⡟⠀⠀⠀⠀⢠⣿⣿⣿⣿⣿⣿⣿⣿⣯⡵⣒⣼⣿⠿⠛⠀⠀⠀⠀⢻⣿⠀⣿          Quit                                                                              
                                    ⣿⠀⣿⣧⠀⠀⠀⠀⣾⣿⣿⣿⣿⣿⣿⣿⣿⠟⢈⠁⠀⠀⠀⠀⠀⠀⠀⠀⣼⣿⠀⣿                                                                                            
                                    ⢻⡄⢻⣿⡀⠀⠀⢰⣿⣿⣿⣿⣿⣿⣿⡟⢁⣴⠋⠀⠀⠀⠀⠀⠀⠀⠀⢀⣿⡟⢀⡟          Agents, skills and MCP servers on OpenCode v2                                     
                                    ⠘⣧⠈⣿⣧⠀⠀⢸⣿⣿⣿⣿⣿⣿⣿⠁⣼⣿⠀⠀⠀⠀⠀⠀⠀⠀⠀⣼⣿⠃⣼⠃                                                                                            
                                    ⠀⠘⣧⠘⢿⣧⡀⢸⣿⣿⣿⣿⣿⣿⣿⡄⣿⣿⡀⠀⠀⠀⠀⠀⠀⢀⣼⣿⠃⣼⠇⠀                                                                                            
                                    ⠀⠀⠘⢧⡈⠻⣿⣾⣿⣿⣿⣿⣿⣿⣿⣷⣹⣿⣷⡀⠀⠀⠀⢀⣴⣿⠟⢁⡼⠃⠀⠀                                                                                            
                                    ⠀⠀⠀⠈⠻⣦⡈⠻⢿⣿⣿⣿⣿⣿⣿⣿⣿⣿⣿⣿⣷⣤⣶⣿⠟⢁⣴⠟⠁⠀⠀⠀                                                                                            
                                    ⠀⠀⠀⠀⠀⠈⠙⠶⣤⣉⠛⠿⠿⣿⣿⣿⣿⣿⣿⠿⠿⠛⣉⣤⠶⠋⠁⠀⠀⠀⠀⠀                                                                                            
                                    ⠀⠀⠀⠀⠀⠀⠀⠀⠈⠉⠛⠶⠶⣤⣤⣤⣤⣤⣤⠴⠶⠛⠉⠁⠀⠀⠀⠀⠀⠀⠀⠀                                                                                            
                                                                                                                                                                
                                                                                                                                                                
                                                                                                                                                                
                                                                                                                                                                
                                                                                                                                                                