  [1;38;2;75;163;176mTakt AI[m                                           [1;38;2;245;247;247mReview[m  
                                                            
                                                            
                                                            
                                                            
                                                            
                                                            
                                                            
  [38;2;130;151;156m┌──────────────────────────────────────────────────────┐[m  
  [38;2;130;151;156m│[m[48;2;24;38;44m [m[38;2;245;247;247;48;2;24;38;44mRemove: 139 files installed by Takt[m[48;2;24;38;44m [m[48;2;24;38;44m                 [m[38;2;130;151;156m│[m  
  [38;2;130;151;156m└──────────────────────────────────────────────────────┘[m  
                                                            
                  [1;38;2;69;10;10;48;2;252;165;165m  Uninstall  [m  [38;2;210;220;221m  Back  [m                   
                                                            
                                                            
                                                            
                                                            
                                                            
                                                            
                                                            