   [1;38;5;73mTakt AI[m                                                             [1;38;5;255mReview[m   
                                                                                
                                                                                
                                                                                
                                                                                
                                                                                
                                                                                
                                                                                
                                                                                
                                                                                
   [38;5;246m┌────────────────────────────────────────────────────────────────────────┐[m   
   [38;5;246m│[m[48;5;235m [m[38;5;255;48;5;235mRemove: 139 files installed by Takt[m[48;5;235m [m[48;5;235m                                   [m[38;5;246m│[m   
   [38;5;246m└────────────────────────────────────────────────────────────────────────┘[m   
                                                                                
                            [1;38;5;52;48;5;217m  Uninstall  [m  [38;5;253m  Back  [m                             
                                                                                
                                                                                
                                                                                
                                                                                
                                                                                
                                                                                
                                                                                
                                                                                
                                                                                